
Discarded input sections

 .comment       0x00000000        0x0 ./main.o
 .comment       0x00000000        0x0 ./i386.o
 .comment       0x00000000        0x0 ./lib.o
 .comment       0x00000000        0x0 ./pic.o
 .comment       0x00000000        0x0 ./term.o
 .comment       0x00000000        0x0 ./mem.o
 .comment       0x00000000        0x0 ./keyb.o
 .comment       0x00000000        0x0 ./serial.o
 .comment       0x00000000        0x0 ./crc32.o
 .comment       0x00000000        0x0 ./config.o
 .comment       0x00000000        0x0 ./pci.o
 .comment       0x00000000        0x0 ./ide.o
 .comment       0x00000000        0x0 ./pit.o
 .comment       0x00000000        0x0 ./udivmoddi4.o
 .comment       0x00000000        0x0 ./udivdi3.o
 .comment       0x00000000        0x0 ./rtc.o

Memory Configuration

Name             Origin             Length             Attributes
*default*        0x00000000         0xffffffff

Linker script and memory map

LOAD ./main.o
LOAD ./i386.o
LOAD ./lib.o
LOAD ./isr.o
LOAD ./pic.o
LOAD ./term.o
LOAD ./mem.o
LOAD ./keyb.o
LOAD ./serial.o
LOAD ./crc32.o
LOAD ./config.o
LOAD ./pci.o
LOAD ./ide.o
LOAD ./pit.o
LOAD ./udivmoddi4.o
LOAD ./udivdi3.o
LOAD ./rtc.o
                0x00100000                . = 0x100000

.text           0x00100000     0x39bd
 *(.text)
 .text          0x00100000       0x81 ./main.o
                0x00100000                main
 *fill*         0x00100081        0x3 00
 .text          0x00100084      0x5e3 ./i386.o
                0x0010060e                i386_init
                0x0010056d                i386_isr
                0x001000cd                i386_patchjmp
                0x001001ae                i386_makeidt
                0x001000df                i386_alljmps
                0x00100295                i386_copygdt
                0x00100328                i386_maketdesc
                0x0010037b                i386_exception
                0x00100084                i386_makejmp
 *fill*         0x00100667        0x1 00
 .text          0x00100668      0x723 ./lib.o
                0x00100d26                putchar
                0x001007a8                strcpy
                0x00100cb6                printf
                0x001009b2                va_format
                0x001006ea                memcpy
                0x00100cfe                puts
                0x00100d5f                malloc
                0x0010071c                calloc
                0x001007da                strcat
                0x001008db                ltod
                0x00100940                utox
                0x00100775                strdup
                0x00100750                memdup
                0x001006c3                memset
                0x00100668                memswap
                0x0010082a                ultod
                0x00100807                strlen
                0x0010090b                __xchar
                0x00100d3c                assert_m
                0x00100d75                free
 *fill*         0x00100d8b        0x1 00
 .text          0x00100d8c       0x36 ./isr.o
                0x00100dbe                i386_isr_ptr
 *fill*         0x00100dc2        0x2 00
 .text          0x00100dc4      0x19f ./pic.o
                0x00100f4e                pic_eoi
                0x00100f29                pic_master_ack
                0x00100dc4                pic_remap_irq
                0x00100e7a                pic_mask_irq
                0x00100f3a                pic_slave_ack
 *fill*         0x00100f63        0x1 00
 .text          0x00100f64      0x5f5 ./term.o
                0x001013f5                term_ioctl
                0x001013df                term_putc
                0x001013b5                term_puts
 *fill*         0x00101559        0x3 00
 .text          0x0010155c      0x31c ./mem.o
                0x00101790                mem_pfree
                0x0010155c                mem_init
                0x001015a3                mem_palloc
                0x001017b8                mem_debug
 .text          0x00101878       0x36 ./keyb.o
                0x00101878                keyb_isr
 *fill*         0x001018ae        0x2 00
 .text          0x001018b0      0x6fa ./serial.o
                0x00101945                serial_isr
                0x00101d13                serial_probe_uart
                0x00101f6f                serial_tx_string
                0x00101cd0                serial_port_disable
                0x00101c4b                serial_tx_char
                0x00101cf0                serial_is_port_enabled
                0x00101f2b                serial_tx_buffer
                0x00101cb2                serial_port_enable
                0x00101a37                serial_config
                0x001018b0                serial_init
                0x00101905                serial_poll_port
                0x00101b75                serial_rx_ready
                0x00101beb                serial_rx_char
                0x00101bc2                serial_tx_ready
                0x001019c8                serial_get_port_address
 *fill*         0x00101faa        0x2 00
 .text          0x00101fac       0x48 ./crc32.o
                0x00101fac                crc32
 .text          0x00101ff4       0xfa ./config.o
                0x001020e1                config_init
 *fill*         0x001020ee        0x2 00
 .text          0x001020f0      0xa6c ./pci.o
                0x00102263                pci_get_device_id
                0x0010232f                pci_read_device_data
                0x001020f0                pci_read_long
                0x001021f6                pci_read_word
                0x001024c8                pci_get_dev_type_name
                0x00102b4f                pci_init
                0x001023fb                pci_enumerate
                0x001022a7                pci_get_vendor_id
                0x001023a7                pci_register_device
                0x001022eb                pci_get_header_type
 .text          0x00102b5c      0x55d ./ide.o
                0x00102ec2                ide_read
                0x00102b5c                ide_init
                0x00102cdf                ide_write
 *fill*         0x001030b9        0x3 00
 .text          0x001030bc      0x133 ./pit.o
                0x001030bc                pit_init
                0x001031c2                pit_isr
 *fill*         0x001031ef        0x1 00
 .text          0x001031f0      0x648 ./udivmoddi4.o
                0x001031f0                __udivmoddi4
 .text          0x00103838       0x39 ./udivdi3.o
                0x00103838                __udivdi3
 *fill*         0x00103871        0x3 00
 .text          0x00103874      0x149 ./rtc.o
                0x00103874                rtc_init
                0x0010391c                rtc_isr
                0x00103963                rtc_sleep
                0x00103953                rtc_read_timestamp

.data           0x001039c0     0x1244
 *(.rodata)
 .rodata        0x001039c0       0x3d ./main.o
 *fill*         0x001039fd        0x3 00
 .rodata        0x00103a00      0x344 ./i386.o
 .rodata        0x00103d44       0xa8 ./lib.o
 .rodata        0x00103dec       0x3c ./term.o
 .rodata        0x00103e28       0xd4 ./mem.o
 .rodata        0x00103efc      0x8b0 ./pci.o
 .rodata        0x001047ac       0x30 ./ide.o
 *(.rdata)
 *(.data)
 .data          0x001047dc        0x0 ./main.o
 .data          0x001047dc        0x0 ./i386.o
 .data          0x001047dc        0x0 ./lib.o
 .data          0x001047dc        0x0 ./isr.o
 .data          0x001047dc        0x0 ./pic.o
 .data          0x001047dc       0x18 ./term.o
 .data          0x001047f4        0x4 ./mem.o
 .data          0x001047f8        0x0 ./keyb.o
 .data          0x001047f8        0x0 ./serial.o
 *fill*         0x001047f8        0x8 00
 .data          0x00104800      0x400 ./crc32.o
 .data          0x00104c00        0x4 ./config.o
 .data          0x00104c04        0x0 ./pci.o
 .data          0x00104c04        0x0 ./ide.o
 .data          0x00104c04        0x0 ./pit.o
 .data          0x00104c04        0x0 ./udivmoddi4.o
 .data          0x00104c04        0x0 ./udivdi3.o
 .data          0x00104c04        0x0 ./rtc.o

.bss            0x00104c20     0x4718
 *(.bss)
 .bss           0x00104c20        0x0 ./main.o
 .bss           0x00104c20     0x1960 ./i386.o
 .bss           0x00106580      0x800 ./lib.o
 .bss           0x00106d80        0x0 ./isr.o
 .bss           0x00106d80        0x0 ./pic.o
 .bss           0x00106d80        0xc ./term.o
 .bss           0x00106d8c        0x0 ./mem.o
 .bss           0x00106d8c        0x0 ./keyb.o
 *fill*         0x00106d8c       0x14 00
 .bss           0x00106da0     0x2020 ./serial.o
 .bss           0x00108dc0        0x0 ./crc32.o
 .bss           0x00108dc0        0x0 ./config.o
 .bss           0x00108dc0        0x0 ./pci.o
 .bss           0x00108dc0      0x554 ./ide.o
 *fill*         0x00109314        0x4 00
 .bss           0x00109318       0x18 ./pit.o
                0x00109328                pit_global_rval
                0x00109320                pit_global_tadd
                0x00109318                pit_global_time
                0x0010932c                pit_global_freq
 .bss           0x00109330        0x0 ./udivmoddi4.o
 .bss           0x00109330        0x0 ./udivdi3.o
 .bss           0x00109330        0x8 ./rtc.o

.rel.dyn        0x00109338        0x0
 .rel.text      0x00000000        0x0 ./main.o
 .rel.data      0x00000000        0x0 ./main.o

/DISCARD/
 *(.comment)
                0x00000000                __TOP = ALIGN (0x1000)
OUTPUT(../bin/booti386.elf elf32-i386)
